     VMA      LMA     Size Align Out     In      Symbol
       0        0        0     1 PROVIDE(_max_hart_id = 0)
       0        0        0     1 PROVIDE(__post_init = default_post_init)
       0        0        0     1 PROVIDE(__global_pointer$ = _data_start + 0x800)
40380000 40380000        0     4 .rwtext
40380000 40380000        0     1         . = ALIGN (4)
40380000 40380000        0     1         . = ALIGN(4)
3fc80000 3fc80000        0     4 .rwdata_dummy
3fc80000 3fc80000        0     1         . = . + SIZEOF(.rwtext)
3fc80000 3fc80000        0     4 .data
3fc80000 3fc80000        0     1         _data_start = ABSOLUTE(.)
3fc80000 3fc80000        0     1         . = ALIGN (4)
3fc80000 3fc80000        0     1         _data_end = ABSOLUTE(.)
3fc80000 3fc80000        0     1         . = ALIGN(4)
3fc80000 3fc80000        0     4 .bss
3fc80000 3fc80000        0     1         _bss_start = ABSOLUTE(.)
3fc80000 3fc80000        0     1         . = ALIGN (4)
3fc80000 3fc80000        0     1         _bss_end = ABSOLUTE(.)
3fc80000 3fc80000        0     1         . = ALIGN(4)
3c000020 3c000020        0     4 .rodata
3c000020 3c000020        0     1         . = ALIGN (4)
3c000020 3c000020        0     1         _rodata_start = ABSOLUTE(.)
3c000020 3c000020        0     1         . = ALIGN(4)
3c000020 3c000020        0     1         _rodata_end = ABSOLUTE(.)
42000020 42000020    10000     1 .rotext_dummy
42000020 42000020        0     1         . = ALIGN(ALIGNOF(.rodata))
42000020 42000020        0     1         . = . + SIZEOF(.rodata)
42000020 42000020    10000     1         . = ALIGN(0x10000) + 0x20
42010020 42010020       d8     4 .text
42010020 42010020       98     1         /Users/piv/esp/ccm-diag/studies/esp-minimal/target/riscv32imc-unknown-none-elf/release/deps/libesp_riscv_rt-8fad24fe9c94c45c.rlib(esp_riscv_rt-8fad24fe9c94c45c.esp_riscv_rt.9e79def195b2960d-cgu.0.rcgu.o):(.init)
42010020 42010020        0     1                 $x
42010020 42010020        0     1                 _start
42010028 42010028        0     1                 _abs_start
42010028 42010028        0     1                 .L0 
42010028 42010028        0     1                 .Lpcrel_hi0
42010030 42010030        0     1                 .Lpcrel_hi1
42010084 42010084        0     1                 .Lpcrel_hi2
420100a0 420100a0        0     1                 .Lpcrel_hi3
420100b8 420100b8        0     1                 .L0 
420100b8 420100b8       2e     2         /Users/piv/esp/ccm-diag/studies/esp-minimal/target/riscv32imc-unknown-none-elf/release/deps/libesp_riscv_rt-8fad24fe9c94c45c.rlib(esp_riscv_rt-8fad24fe9c94c45c.esp_riscv_rt.9e79def195b2960d-cgu.0.rcgu.o):(.init.rust)
420100b8 420100b8        0     1                 $x
420100b8 420100b8       2e     1                 _start_rust
420100e6 420100e6        4     1         /Users/piv/esp/ccm-diag/studies/esp-minimal/target/riscv32imc-unknown-none-elf/release/deps/libesp_riscv_rt-8fad24fe9c94c45c.rlib(esp_riscv_rt-8fad24fe9c94c45c.esp_riscv_rt.9e79def195b2960d-cgu.0.rcgu.o):(.text.abort)
420100e6 420100e6        0     1                 $x
420100e6 420100e6        0     1                 abort
420100ea 420100ea        2     2         /Users/piv/esp/ccm-diag/studies/esp-minimal/target/riscv32imc-unknown-none-elf/release/deps/esp_minimal-ace40237de774643.esp_minimal.2ea027aa8945e955-cgu.0.rcgu.o:(.text.unlikely.main)
420100ea 420100ea        0     1                 $x
420100ea 420100ea        2     1                 main
420100ec 420100ec        2     2         /Users/piv/esp/ccm-diag/studies/esp-minimal/target/riscv32imc-unknown-none-elf/release/deps/libesp_hal-233f6ffc53f34ea8.rlib(esp_hal-233f6ffc53f34ea8.esp_hal.b13ee0bd145d6cf2-cgu.0.rcgu.o):(.text._setup_interrupts)
420100ec 420100ec        0     1                 $x
420100ec 420100ec        2     1                 _setup_interrupts
420100ee 420100ee        8     2         /Users/piv/esp/ccm-diag/studies/esp-minimal/target/riscv32imc-unknown-none-elf/release/deps/libesp_hal-233f6ffc53f34ea8.rlib(esp_hal-233f6ffc53f34ea8.esp_hal.b13ee0bd145d6cf2-cgu.0.rcgu.o):(.text.hal_main)
420100ee 420100ee        0     1                 $x
420100ee 420100ee        8     1                 hal_main
420100f6 420100f6        2     2         /Users/piv/esp/ccm-diag/studies/esp-minimal/target/riscv32imc-unknown-none-elf/release/deps/libesp_riscv_rt-8fad24fe9c94c45c.rlib(esp_riscv_rt-8fad24fe9c94c45c.esp_riscv_rt.9e79def195b2960d-cgu.0.rcgu.o):(.text.default_post_init)
420100f6 420100f6        0     1                 $x
420100f6 420100f6        2     1                 default_post_init
3fc80000 3fc80000    4e400     4 .stack
3fc80000 3fc80000        0     1         _stack_end = ABSOLUTE(.)
3fc80000 3fc80000        0     1         _stack_end_cpu0 = ABSOLUTE(.)
3fc80000 3fc80000    4e400     1         . = ORIGIN(RWDATA) + LENGTH(RWDATA)
3fcce400 3fcce400        0     1         . = ALIGN (4)
3fcce400 3fcce400        0     1         _stack_start = ABSOLUTE(.)
3fcce400 3fcce400        0     1         _stack_start_cpu0 = ABSOLUTE(.)
       0        0       2c     4 .eh_frame
       0        0       28     1         /Users/piv/esp/ccm-diag/studies/esp-minimal/target/riscv32imc-unknown-none-elf/release/deps/libesp_riscv_rt-8fad24fe9c94c45c.rlib(esp_riscv_rt-8fad24fe9c94c45c.esp_riscv_rt.9e79def195b2960d-cgu.0.rcgu.o):(.eh_frame+0x0)
       0        0       a1     1 .comment
       0        0       a1     1         <internal>:(.comment)
       0        0       2f     1 .riscv.attributes
       0        0       2f     1         <internal>:(.riscv.attributes)
       0        0      2d0     4 .symtab
       0        0      2d0     4         <internal>:(.symtab)
       0        0       84     1 .shstrtab
       0        0       84     1         <internal>:(.shstrtab)
       0        0      1ca     1 .strtab
       0        0      1ca     1         <internal>:(.strtab)
